<html>
<body>
<pre>
<h1>礦ision Build Log</h1>
<h2>Project:</h2>
C:\Users\Chen\Desktop\流水灯+数码管\demo.uvproj
Project File Date:  05/22/2015

<h2>Output:</h2>
Build target 'Target 1'
compiling main.c...
USER\main.c(2): error:  #5: cannot open source input file "LCD1602.h": No such file or directory
USER\main.c:   #include "LCD1602.h"
USER\main.c:                       ^
USER\main.c: USER\main.c: 0 warnings, 1 error
compiling LCD1602.c...
LCD1602.h(23): warning:  #1-D: last line of file ends without a newline
LCD1602.h:   #endif /* __USART1_H */
LCD1602.h:                          ^
LCD1602.h: LCD1602.c: 1 warning, 0 errors
Target not created
Build target 'Target 1'
compiling main.c...
..\流水灯+数码管\LCD1602.h(23): warning:  #1-D: last line of file ends without a newline
..\流水灯+数码管\LCD1602.h:   #endif /* __USART1_H */
..\流水灯+数码管\LCD1602.h:                          ^
USER\main.c(8): warning:  #223-D: function "RCC_APB2PeriphReadtempyCmd" declared implicitly
USER\main.c:   RCC_APB2PeriphReadtempyCmd();
USER\main.c:   ^
USER\main.c(10): warning:  #223-D: function "GPIO_InitStructReadtempCmd" declared implicitly
USER\main.c:   GPIO_InitStructReadtempCmd();
USER\main.c:   ^
USER\main.c(12): warning:  #223-D: function "Init_LCD1602" declared implicitly
USER\main.c:   Init_LCD1602();
USER\main.c:   ^
USER\main.c(17): warning:  #223-D: function "LCD_Write" declared implicitly
USER\main.c:   LCD_Write(1,0,'T') ;
USER\main.c:   ^
USER\main.c(18): warning:  #223-D: function "Delay_us" declared implicitly
USER\main.c:   Delay_us(340);
USER\main.c:   ^
USER\main.c: USER\main.c: 6 warnings, 0 errors
compiling stm32f10x_it.c...
compiling LCD1602.c...
LCD1602.h(23): warning:  #1-D: last line of file ends without a newline
LCD1602.h:   #endif /* __USART1_H */
LCD1602.h:                          ^
LCD1602.h: LCD1602.c: 1 warning, 0 errors
compiling misc.c...
compiling stm32f10x_adc.c...
compiling stm32f10x_bkp.c...
compiling stm32f10x_can.c...
compiling stm32f10x_cec.c...
compiling stm32f10x_crc.c...
compiling stm32f10x_dac.c...
compiling stm32f10x_dbgmcu.c...
compiling stm32f10x_dma.c...
compiling stm32f10x_exti.c...
compiling stm32f10x_flash.c...
compiling stm32f10x_fsmc.c...
compiling stm32f10x_gpio.c...
compiling stm32f10x_i2c.c...
compiling stm32f10x_iwdg.c...
compiling stm32f10x_pwr.c...
compiling stm32f10x_rcc.c...
compiling stm32f10x_rtc.c...
compiling stm32f10x_sdio.c...
compiling stm32f10x_spi.c...
compiling stm32f10x_tim.c...
compiling stm32f10x_usart.c...
compiling stm32f10x_wwdg.c...
compiling core_cm3.c...
compiling system_stm32f10x.c...
linking...
Program Size: Code=2260 RO-data=336 RW-data=40 ZI-data=1632  
FromELF: creating hex file...
"demo.axf" - 0 Error(s), 7 Warning(s).
Load "C:\\Users\\Chen\\Desktop\\流水灯+数码管\\demo.AXF" 
Set JLink Project File to "C:\Users\Chen\Desktop\流水灯+数码管\JLinkSettings.ini"
 
JLink info:
------------
DLL: V4.15n, compiled Jun 18 2010 19:55:09
Firmware: J-Link ARM V8 compiled Apr 12 2012 20:16:53
Hardware: V8.00
S/N : 308622869 
Feature(s) : RDI,FlashDL,FlashBP,JFlash,GDBFULL 
 
* JLink Info: TotalIRLen = 9, IRPrint = 0x0011
* JLink Info: Found Cortex-M3 r1p1, Little endian.
* JLink Info: TPIU fitted.
* JLink Info: ETM fitted.
* JLink Info:   FPUnit: 6 code (BP) slots and 2 literal slots
ROMTableAddr = 0xE00FF003
 
Target info:
------------
Device: STM32F103ZE
VTarget = 3.313V
State of Pins: 
TCK: 1, TDI: 0, TDO: 0, TMS: 0, TRES: 1, TRST: 1
* JLink Info: TotalIRLen = 9, IRPrint = 0x0011
* JLink Info: Found Cortex-M3 r1p1, Little endian.
* JLink Info: TPIU fitted.
* JLink Info: ETM fitted.
* JLink Info:   FPUnit: 6 code (BP) slots and 2 literal slots
Hardware-Breakpoints: 6
Software-Breakpoints: 2048
Watchpoints:          4
JTAG speed: 2000 kHz
 
Full Chip Erase Done.
Programming Done.
Verify OK.
Build target 'Target 1'
linking...
Program Size: Code=2260 RO-data=336 RW-data=40 ZI-data=1632  
FromELF: creating hex file...
"demo.axf" - 0 Error(s), 0 Warning(s).
Build target 'Target 1'
compiling main.c...
..\流水灯+数码管\LCD1602.h(21): warning:  #1-D: last line of file ends without a newline
..\流水灯+数码管\LCD1602.h:   #endif /* __USART1_H */
..\流水灯+数码管\LCD1602.h:                          ^
USER\main.c(8): warning:  #223-D: function "RCC_APB2PeriphReadtempyCmd" declared implicitly
USER\main.c:   RCC_APB2PeriphReadtempyCmd();
USER\main.c:   ^
USER\main.c(10): warning:  #223-D: function "GPIO_InitStructReadtempCmd" declared implicitly
USER\main.c:   GPIO_InitStructReadtempCmd();
USER\main.c:   ^
USER\main.c(12): warning:  #223-D: function "Init_LCD1602" declared implicitly
USER\main.c:   Init_LCD1602();
USER\main.c:   ^
USER\main.c(17): warning:  #223-D: function "LCD_Write" declared implicitly
USER\main.c:   LCD_Write(1,0,'T') ;
USER\main.c:   ^
USER\main.c(18): warning:  #223-D: function "Delay_us" declared implicitly
USER\main.c:   Delay_us(340);
USER\main.c:   ^
USER\main.c: USER\main.c: 6 warnings, 0 errors
compiling LCD1602.c...
LCD1602.h(21): warning:  #1-D: last line of file ends without a newline
LCD1602.h:   #endif /* __USART1_H */
LCD1602.h:                          ^
LCD1602.h: LCD1602.c: 1 warning, 0 errors
linking...
Program Size: Code=2260 RO-data=336 RW-data=40 ZI-data=1632  
FromELF: creating hex file...
"demo.axf" - 0 Error(s), 7 Warning(s).
Build target 'Target 1'
compiling main.c...
..\流水灯+数码管\LCD1602.h(28): warning:  #1-D: last line of file ends without a newline
..\流水灯+数码管\LCD1602.h:   #endif /* __USART1_H */
..\流水灯+数码管\LCD1602.h:                          ^
USER\main.c(17): warning:  #223-D: function "LCD_Write" declared implicitly
USER\main.c:   LCD_Write(1,0,'T') ;
USER\main.c:   ^
USER\main.c: USER\main.c: 2 warnings, 0 errors
compiling LCD1602.c...
LCD1602.h(28): warning:  #1-D: last line of file ends without a newline
LCD1602.h:   #endif /* __USART1_H */
LCD1602.h:                          ^
LCD1602.h: LCD1602.c: 1 warning, 0 errors
linking...
Program Size: Code=2260 RO-data=336 RW-data=40 ZI-data=1632  
FromELF: creating hex file...
"demo.axf" - 0 Error(s), 3 Warning(s).
Build target 'Target 1'
compiling main.c...
..\流水灯+数码管\LCD1602.h(29): warning:  #1-D: last line of file ends without a newline
..\流水灯+数码管\LCD1602.h:   #endif /* __USART1_H */
..\流水灯+数码管\LCD1602.h:                          ^
..\流水灯+数码管\LCD1602.h: USER\main.c: 1 warning, 0 errors
compiling LCD1602.c...
LCD1602.h(29): warning:  #1-D: last line of file ends without a newline
LCD1602.h:   #endif /* __USART1_H */
LCD1602.h:                          ^
LCD1602.h: LCD1602.c: 1 warning, 0 errors
linking...
Program Size: Code=2260 RO-data=336 RW-data=40 ZI-data=1632  
FromELF: creating hex file...
"demo.axf" - 0 Error(s), 2 Warning(s).
Build target 'Target 1'
compiling main.c...
compiling LCD1602.c...
linking...
Program Size: Code=2260 RO-data=336 RW-data=40 ZI-data=1632  
FromELF: creating hex file...
"demo.axf" - 0 Error(s), 0 Warning(s).
Build target 'Target 1'
compiling main.c...
compiling LCD1602.c...
linking...
Program Size: Code=2260 RO-data=336 RW-data=40 ZI-data=1632  
FromELF: creating hex file...
"demo.axf" - 0 Error(s), 0 Warning(s).
Build target 'Target 1'
compiling main.c...
USER\main.c(22): error:  #65: expected a ";"
USER\main.c:            }
USER\main.c:            ^
USER\main.c(9): warning:  #177-D: variable "num" was declared but never referenced
USER\main.c:    char num[]={'0','1','2','3','4','5','6','7','8','9'};
USER\main.c:         ^
USER\main.c: USER\main.c: 1 warning, 1 error
Target not created
Build target 'Target 1'
compiling main.c...
USER\main.c(9): warning:  #177-D: variable "num" was declared but never referenced
USER\main.c:    char num[]={'0','1','2','3','4','5','6','7','8','9'};
USER\main.c:         ^
USER\main.c: USER\main.c: 1 warning, 0 errors
linking...
Program Size: Code=2196 RO-data=336 RW-data=40 ZI-data=1632  
FromELF: creating hex file...
"demo.axf" - 0 Error(s), 1 Warning(s).
Load "C:\\Users\\Chen\\Desktop\\流水灯+数码管\\demo.AXF" 
Set JLink Project File to "C:\Users\Chen\Desktop\流水灯+数码管\JLinkSettings.ini"
 
JLink info:
------------
DLL: V4.15n, compiled Jun 18 2010 19:55:09
Firmware: J-Link ARM V8 compiled Apr 12 2012 20:16:53
Hardware: V8.00
S/N : 308622869 
Feature(s) : RDI,FlashDL,FlashBP,JFlash,GDBFULL 
 
* JLink Info: TotalIRLen = 9, IRPrint = 0x0011
* JLink Info: Found Cortex-M3 r1p1, Little endian.
* JLink Info: TPIU fitted.
* JLink Info: ETM fitted.
* JLink Info:   FPUnit: 6 code (BP) slots and 2 literal slots
ROMTableAddr = 0xE00FF003
 
Target info:
------------
Device: STM32F103ZE
VTarget = 3.313V
State of Pins: 
TCK: 1, TDI: 0, TDO: 0, TMS: 0, TRES: 1, TRST: 1
* JLink Info: TotalIRLen = 9, IRPrint = 0x0011
* JLink Info: Found Cortex-M3 r1p1, Little endian.
* JLink Info: TPIU fitted.
* JLink Info: ETM fitted.
* JLink Info:   FPUnit: 6 code (BP) slots and 2 literal slots
Hardware-Breakpoints: 6
Software-Breakpoints: 2048
Watchpoints:          4
JTAG speed: 2000 kHz
 
Full Chip Erase Done.
Programming Done.
Verify OK.
Build target 'Target 1'
compiling main.c...
USER\main.c(9): warning:  #177-D: variable "num" was declared but never referenced
USER\main.c:    char num[]={'0','1','2','3','4','5','6','7','8','9'};
USER\main.c:         ^
USER\main.c: USER\main.c: 1 warning, 0 errors
linking...
Program Size: Code=2196 RO-data=336 RW-data=40 ZI-data=1632  
FromELF: creating hex file...
"demo.axf" - 0 Error(s), 1 Warning(s).
Load "C:\\Users\\Chen\\Desktop\\流水灯+数码管\\demo.AXF" 
Set JLink Project File to "C:\Users\Chen\Desktop\流水灯+数码管\JLinkSettings.ini"
 
JLink info:
------------
DLL: V4.15n, compiled Jun 18 2010 19:55:09
Firmware: J-Link ARM V8 compiled Apr 12 2012 20:16:53
Hardware: V8.00
S/N : 308622869 
Feature(s) : RDI,FlashDL,FlashBP,JFlash,GDBFULL 
 
* JLink Info: TotalIRLen = 9, IRPrint = 0x0011
* JLink Info: Found Cortex-M3 r1p1, Little endian.
* JLink Info: TPIU fitted.
* JLink Info: ETM fitted.
* JLink Info:   FPUnit: 6 code (BP) slots and 2 literal slots
ROMTableAddr = 0xE00FF003
 
Target info:
------------
Device: STM32F103ZE
VTarget = 3.313V
State of Pins: 
TCK: 1, TDI: 0, TDO: 0, TMS: 0, TRES: 1, TRST: 1
* JLink Info: TotalIRLen = 9, IRPrint = 0x0011
* JLink Info: Found Cortex-M3 r1p1, Little endian.
* JLink Info: TPIU fitted.
* JLink Info: ETM fitted.
* JLink Info:   FPUnit: 6 code (BP) slots and 2 literal slots
Hardware-Breakpoints: 6
Software-Breakpoints: 2048
Watchpoints:          4
JTAG speed: 2000 kHz
 
Full Chip Erase Done.
Programming Done.
Verify OK.
Build target 'Target 1'
compiling main.c...
USER\main.c(9): warning:  #177-D: variable "num" was declared but never referenced
USER\main.c:    char num[]={'0','1','2','3','4','5','6','7','8','9'};
USER\main.c:         ^
USER\main.c: USER\main.c: 1 warning, 0 errors
linking...
Program Size: Code=2196 RO-data=336 RW-data=40 ZI-data=1632  
FromELF: creating hex file...
"demo.axf" - 0 Error(s), 1 Warning(s).
Load "C:\\Users\\Chen\\Desktop\\流水灯+数码管\\demo.AXF" 
Set JLink Project File to "C:\Users\Chen\Desktop\流水灯+数码管\JLinkSettings.ini"
 
JLink info:
------------
DLL: V4.15n, compiled Jun 18 2010 19:55:09
Firmware: J-Link ARM V8 compiled Apr 12 2012 20:16:53
Hardware: V8.00
S/N : 308622869 
Feature(s) : RDI,FlashDL,FlashBP,JFlash,GDBFULL 
 
* JLink Info: TotalIRLen = 9, IRPrint = 0x0011
* JLink Info: Found Cortex-M3 r1p1, Little endian.
* JLink Info: TPIU fitted.
* JLink Info: ETM fitted.
* JLink Info:   FPUnit: 6 code (BP) slots and 2 literal slots
ROMTableAddr = 0xE00FF003
 
Target info:
------------
Device: STM32F103ZE
VTarget = 3.313V
State of Pins: 
TCK: 1, TDI: 0, TDO: 0, TMS: 0, TRES: 1, TRST: 1
* JLink Info: TotalIRLen = 9, IRPrint = 0x0011
* JLink Info: Found Cortex-M3 r1p1, Little endian.
* JLink Info: TPIU fitted.
* JLink Info: ETM fitted.
* JLink Info:   FPUnit: 6 code (BP) slots and 2 literal slots
Hardware-Breakpoints: 6
Software-Breakpoints: 2048
Watchpoints:          4
JTAG speed: 2000 kHz
 
Full Chip Erase Done.
Programming Done.
Verify OK.
Build target 'Target 1'
compiling main.c...
USER\main.c(9): warning:  #177-D: variable "num" was declared but never referenced
USER\main.c:    char num[]={'0','1','2','3','4','5','6','7','8','9'};
USER\main.c:         ^
USER\main.c: USER\main.c: 1 warning, 0 errors
linking...
Program Size: Code=2228 RO-data=336 RW-data=40 ZI-data=1632  
FromELF: creating hex file...
"demo.axf" - 0 Error(s), 1 Warning(s).
Load "C:\\Users\\Chen\\Desktop\\流水灯+数码管\\demo.AXF" 
Set JLink Project File to "C:\Users\Chen\Desktop\流水灯+数码管\JLinkSettings.ini"
 
JLink info:
------------
DLL: V4.15n, compiled Jun 18 2010 19:55:09
Firmware: J-Link ARM V8 compiled Apr 12 2012 20:16:53
Hardware: V8.00
S/N : 308622869 
Feature(s) : RDI,FlashDL,FlashBP,JFlash,GDBFULL 
 
* JLink Info: TotalIRLen = 9, IRPrint = 0x0011
* JLink Info: Found Cortex-M3 r1p1, Little endian.
* JLink Info: TPIU fitted.
* JLink Info: ETM fitted.
* JLink Info:   FPUnit: 6 code (BP) slots and 2 literal slots
ROMTableAddr = 0xE00FF003
 
Target info:
------------
Device: STM32F103ZE
VTarget = 3.313V
State of Pins: 
TCK: 1, TDI: 0, TDO: 0, TMS: 0, TRES: 1, TRST: 1
* JLink Info: TotalIRLen = 9, IRPrint = 0x0011
* JLink Info: Found Cortex-M3 r1p1, Little endian.
* JLink Info: TPIU fitted.
* JLink Info: ETM fitted.
* JLink Info:   FPUnit: 6 code (BP) slots and 2 literal slots
Hardware-Breakpoints: 6
Software-Breakpoints: 2048
Watchpoints:          4
JTAG speed: 2000 kHz
 
Full Chip Erase Done.
Programming Done.
Verify OK.
Build target 'Target 1'
compiling main.c...
linking...
Program Size: Code=2212 RO-data=336 RW-data=40 ZI-data=1632  
FromELF: creating hex file...
"demo.axf" - 0 Error(s), 0 Warning(s).
Load "C:\\Users\\Chen\\Desktop\\流水灯+数码管\\demo.AXF" 
Set JLink Project File to "C:\Users\Chen\Desktop\流水灯+数码管\JLinkSettings.ini"
 
JLink info:
------------
DLL: V4.15n, compiled Jun 18 2010 19:55:09
Firmware: J-Link ARM V8 compiled Apr 12 2012 20:16:53
Hardware: V8.00
S/N : 308622869 
Feature(s) : RDI,FlashDL,FlashBP,JFlash,GDBFULL 
 
* JLink Info: TotalIRLen = 9, IRPrint = 0x0011
* JLink Info: Found Cortex-M3 r1p1, Little endian.
* JLink Info: TPIU fitted.
* JLink Info: ETM fitted.
* JLink Info:   FPUnit: 6 code (BP) slots and 2 literal slots
ROMTableAddr = 0xE00FF003
 
Target info:
------------
Device: STM32F103ZE
VTarget = 3.313V
State of Pins: 
TCK: 1, TDI: 0, TDO: 0, TMS: 0, TRES: 1, TRST: 1
* JLink Info: TotalIRLen = 9, IRPrint = 0x0011
* JLink Info: Found Cortex-M3 r1p1, Little endian.
* JLink Info: TPIU fitted.
* JLink Info: ETM fitted.
* JLink Info:   FPUnit: 6 code (BP) slots and 2 literal slots
Hardware-Breakpoints: 6
Software-Breakpoints: 2048
Watchpoints:          4
JTAG speed: 2000 kHz
 
Full Chip Erase Done.
Programming Done.
Verify OK.
Build target 'Target 1'
compiling main.c...
linking...
Program Size: Code=2180 RO-data=336 RW-data=40 ZI-data=1632  
FromELF: creating hex file...
"demo.axf" - 0 Error(s), 0 Warning(s).
Load "C:\\Users\\Chen\\Desktop\\流水灯+数码管\\demo.AXF" 
Set JLink Project File to "C:\Users\Chen\Desktop\流水灯+数码管\JLinkSettings.ini"
 
JLink info:
------------
DLL: V4.15n, compiled Jun 18 2010 19:55:09
Firmware: J-Link ARM V8 compiled Apr 12 2012 20:16:53
Hardware: V8.00
S/N : 308622869 
Feature(s) : RDI,FlashDL,FlashBP,JFlash,GDBFULL 
 
* JLink Info: TotalIRLen = 9, IRPrint = 0x0011
* JLink Info: Found Cortex-M3 r1p1, Little endian.
* JLink Info: TPIU fitted.
* JLink Info: ETM fitted.
* JLink Info:   FPUnit: 6 code (BP) slots and 2 literal slots
ROMTableAddr = 0xE00FF003
 
Target info:
------------
Device: STM32F103ZE
VTarget = 3.313V
State of Pins: 
TCK: 1, TDI: 0, TDO: 0, TMS: 0, TRES: 1, TRST: 1
* JLink Info: TotalIRLen = 9, IRPrint = 0x0011
* JLink Info: Found Cortex-M3 r1p1, Little endian.
* JLink Info: TPIU fitted.
* JLink Info: ETM fitted.
* JLink Info:   FPUnit: 6 code (BP) slots and 2 literal slots
Hardware-Breakpoints: 6
Software-Breakpoints: 2048
Watchpoints:          4
JTAG speed: 2000 kHz
 
Full Chip Erase Done.
Programming Done.
Verify OK.
Build target 'Target 1'
compiling main.c...
compiling LCD1602.c...
linking...
Program Size: Code=2208 RO-data=336 RW-data=40 ZI-data=1632  
FromELF: creating hex file...
"demo.axf" - 0 Error(s), 0 Warning(s).
Load "C:\\Users\\Chen\\Desktop\\流水灯+数码管\\demo.AXF" 
Set JLink Project File to "C:\Users\Chen\Desktop\流水灯+数码管\JLinkSettings.ini"
 
JLink info:
------------
DLL: V4.15n, compiled Jun 18 2010 19:55:09
Firmware: J-Link ARM V8 compiled Apr 12 2012 20:16:53
Hardware: V8.00
S/N : 308622869 
Feature(s) : RDI,FlashDL,FlashBP,JFlash,GDBFULL 
 
* JLink Info: TotalIRLen = 9, IRPrint = 0x0011
* JLink Info: Found Cortex-M3 r1p1, Little endian.
* JLink Info: TPIU fitted.
* JLink Info: ETM fitted.
* JLink Info:   FPUnit: 6 code (BP) slots and 2 literal slots
ROMTableAddr = 0xE00FF003
 
Target info:
------------
Device: STM32F103ZE
VTarget = 3.313V
State of Pins: 
TCK: 1, TDI: 0, TDO: 0, TMS: 0, TRES: 1, TRST: 1
* JLink Info: TotalIRLen = 9, IRPrint = 0x0011
* JLink Info: Found Cortex-M3 r1p1, Little endian.
* JLink Info: TPIU fitted.
* JLink Info: ETM fitted.
* JLink Info:   FPUnit: 6 code (BP) slots and 2 literal slots
Hardware-Breakpoints: 6
Software-Breakpoints: 2048
Watchpoints:          4
JTAG speed: 2000 kHz
 
Full Chip Erase Done.
Programming Done.
Verify OK.
Build target 'Target 1'
compiling main.c...
linking...
Program Size: Code=2208 RO-data=336 RW-data=40 ZI-data=1632  
FromELF: creating hex file...
"demo.axf" - 0 Error(s), 0 Warning(s).
Load "C:\\Users\\Chen\\Desktop\\流水灯+数码管\\demo.AXF" 
Set JLink Project File to "C:\Users\Chen\Desktop\流水灯+数码管\JLinkSettings.ini"
 
JLink info:
------------
DLL: V4.15n, compiled Jun 18 2010 19:55:09
Firmware: J-Link ARM V8 compiled Apr 12 2012 20:16:53
Hardware: V8.00
S/N : 308622869 
Feature(s) : RDI,FlashDL,FlashBP,JFlash,GDBFULL 
 
* JLink Info: TotalIRLen = 9, IRPrint = 0x0011
* JLink Info: Found Cortex-M3 r1p1, Little endian.
* JLink Info: TPIU fitted.
* JLink Info: ETM fitted.
* JLink Info:   FPUnit: 6 code (BP) slots and 2 literal slots
ROMTableAddr = 0xE00FF003
 
Target info:
------------
Device: STM32F103ZE
VTarget = 3.313V
State of Pins: 
TCK: 1, TDI: 0, TDO: 0, TMS: 0, TRES: 1, TRST: 1
* JLink Info: TotalIRLen = 9, IRPrint = 0x0011
* JLink Info: Found Cortex-M3 r1p1, Little endian.
* JLink Info: TPIU fitted.
* JLink Info: ETM fitted.
* JLink Info:   FPUnit: 6 code (BP) slots and 2 literal slots
Hardware-Breakpoints: 6
Software-Breakpoints: 2048
Watchpoints:          4
JTAG speed: 2000 kHz
 
Full Chip Erase Done.
Programming Done.
Verify OK.
Build target 'Target 1'
compiling main.c...
linking...
Program Size: Code=2208 RO-data=336 RW-data=40 ZI-data=1632  
FromELF: creating hex file...
"demo.axf" - 0 Error(s), 0 Warning(s).
Load "C:\\Users\\Chen\\Desktop\\流水灯+数码管\\demo.AXF" 
Set JLink Project File to "C:\Users\Chen\Desktop\流水灯+数码管\JLinkSettings.ini"
 
JLink info:
------------
DLL: V4.15n, compiled Jun 18 2010 19:55:09
Firmware: J-Link ARM V8 compiled Apr 12 2012 20:16:53
Hardware: V8.00
S/N : 308622869 
Feature(s) : RDI,FlashDL,FlashBP,JFlash,GDBFULL 
 
* JLink Info: TotalIRLen = 9, IRPrint = 0x0011
* JLink Info: Found Cortex-M3 r1p1, Little endian.
* JLink Info: TPIU fitted.
* JLink Info: ETM fitted.
* JLink Info:   FPUnit: 6 code (BP) slots and 2 literal slots
ROMTableAddr = 0xE00FF003
 
Target info:
------------
Device: STM32F103ZE
VTarget = 3.313V
State of Pins: 
TCK: 1, TDI: 0, TDO: 0, TMS: 0, TRES: 1, TRST: 1
* JLink Info: TotalIRLen = 9, IRPrint = 0x0011
* JLink Info: Found Cortex-M3 r1p1, Little endian.
* JLink Info: TPIU fitted.
* JLink Info: ETM fitted.
* JLink Info:   FPUnit: 6 code (BP) slots and 2 literal slots
Hardware-Breakpoints: 6
Software-Breakpoints: 2048
Watchpoints:          4
JTAG speed: 2000 kHz
 
Full Chip Erase Done.
Programming Done.
Verify OK.
Build target 'Target 1'
compiling main.c...
linking...
Program Size: Code=2208 RO-data=336 RW-data=40 ZI-data=1632  
FromELF: creating hex file...
"demo.axf" - 0 Error(s), 0 Warning(s).
Load "C:\\Users\\Chen\\Desktop\\流水灯+数码管\\demo.AXF" 
Set JLink Project File to "C:\Users\Chen\Desktop\流水灯+数码管\JLinkSettings.ini"
 
JLink info:
------------
DLL: V4.15n, compiled Jun 18 2010 19:55:09
Firmware: J-Link ARM V8 compiled Apr 12 2012 20:16:53
Hardware: V8.00
S/N : 308622869 
Feature(s) : RDI,FlashDL,FlashBP,JFlash,GDBFULL 
 
* JLink Info: TotalIRLen = 9, IRPrint = 0x0011
* JLink Info: Found Cortex-M3 r1p1, Little endian.
* JLink Info: TPIU fitted.
* JLink Info: ETM fitted.
* JLink Info:   FPUnit: 6 code (BP) slots and 2 literal slots
ROMTableAddr = 0xE00FF003
 
Target info:
------------
Device: STM32F103ZE
VTarget = 3.313V
State of Pins: 
TCK: 1, TDI: 0, TDO: 0, TMS: 0, TRES: 1, TRST: 1
* JLink Info: TotalIRLen = 9, IRPrint = 0x0011
* JLink Info: Found Cortex-M3 r1p1, Little endian.
* JLink Info: TPIU fitted.
* JLink Info: ETM fitted.
* JLink Info:   FPUnit: 6 code (BP) slots and 2 literal slots
Hardware-Breakpoints: 6
Software-Breakpoints: 2048
Watchpoints:          4
JTAG speed: 2000 kHz
 
Full Chip Erase Done.
Programming Done.
Verify OK.
Build target 'Target 1'
compiling main.c...
linking...
Program Size: Code=2208 RO-data=336 RW-data=40 ZI-data=1632  
FromELF: creating hex file...
"demo.axf" - 0 Error(s), 0 Warning(s).
Load "C:\\Users\\Chen\\Desktop\\流水灯+数码管\\demo.AXF" 
Set JLink Project File to "C:\Users\Chen\Desktop\流水灯+数码管\JLinkSettings.ini"
 
JLink info:
------------
DLL: V4.15n, compiled Jun 18 2010 19:55:09
Firmware: J-Link ARM V8 compiled Apr 12 2012 20:16:53
Hardware: V8.00
S/N : 308622869 
Feature(s) : RDI,FlashDL,FlashBP,JFlash,GDBFULL 
 
* JLink Info: TotalIRLen = 9, IRPrint = 0x0011
* JLink Info: Found Cortex-M3 r1p1, Little endian.
* JLink Info: TPIU fitted.
* JLink Info: ETM fitted.
* JLink Info:   FPUnit: 6 code (BP) slots and 2 literal slots
ROMTableAddr = 0xE00FF003
 
Target info:
------------
Device: STM32F103ZE
VTarget = 3.313V
State of Pins: 
TCK: 1, TDI: 0, TDO: 0, TMS: 0, TRES: 1, TRST: 1
* JLink Info: TotalIRLen = 9, IRPrint = 0x0011
* JLink Info: Found Cortex-M3 r1p1, Little endian.
* JLink Info: TPIU fitted.
* JLink Info: ETM fitted.
* JLink Info:   FPUnit: 6 code (BP) slots and 2 literal slots
Hardware-Breakpoints: 6
Software-Breakpoints: 2048
Watchpoints:          4
JTAG speed: 2000 kHz
 
Full Chip Erase Done.
Programming Done.
Verify OK.
Build target 'Target 1'
compiling main.c...
linking...
Program Size: Code=2208 RO-data=336 RW-data=40 ZI-data=1632  
FromELF: creating hex file...
"demo.axf" - 0 Error(s), 0 Warning(s).
Load "C:\\Users\\Chen\\Desktop\\流水灯+数码管\\demo.AXF" 
Set JLink Project File to "C:\Users\Chen\Desktop\流水灯+数码管\JLinkSettings.ini"
 
JLink info:
------------
DLL: V4.15n, compiled Jun 18 2010 19:55:09
Firmware: J-Link ARM V8 compiled Apr 12 2012 20:16:53
Hardware: V8.00
S/N : 308622869 
Feature(s) : RDI,FlashDL,FlashBP,JFlash,GDBFULL 
 
* JLink Info: TotalIRLen = 9, IRPrint = 0x0011
* JLink Info: Found Cortex-M3 r1p1, Little endian.
* JLink Info: TPIU fitted.
* JLink Info: ETM fitted.
* JLink Info:   FPUnit: 6 code (BP) slots and 2 literal slots
ROMTableAddr = 0xE00FF003
 
Target info:
------------
Device: STM32F103ZE
VTarget = 3.313V
State of Pins: 
TCK: 1, TDI: 0, TDO: 0, TMS: 0, TRES: 1, TRST: 1
* JLink Info: TotalIRLen = 9, IRPrint = 0x0011
* JLink Info: Found Cortex-M3 r1p1, Little endian.
* JLink Info: TPIU fitted.
* JLink Info: ETM fitted.
* JLink Info:   FPUnit: 6 code (BP) slots and 2 literal slots
Hardware-Breakpoints: 6
Software-Breakpoints: 2048
Watchpoints:          4
JTAG speed: 2000 kHz
 
Full Chip Erase Done.
Programming Done.
Verify OK.
Build target 'Target 1'
compiling main.c...
linking...
Program Size: Code=2208 RO-data=336 RW-data=40 ZI-data=1632  
FromELF: creating hex file...
"demo.axf" - 0 Error(s), 0 Warning(s).
Load "C:\\Users\\Chen\\Desktop\\流水灯+数码管\\demo.AXF" 
Set JLink Project File to "C:\Users\Chen\Desktop\流水灯+数码管\JLinkSettings.ini"
 
JLink info:
------------
DLL: V4.15n, compiled Jun 18 2010 19:55:09
Firmware: J-Link ARM V8 compiled Apr 12 2012 20:16:53
Hardware: V8.00
S/N : 308622869 
Feature(s) : RDI,FlashDL,FlashBP,JFlash,GDBFULL 
 
* JLink Info: TotalIRLen = 9, IRPrint = 0x0011
* JLink Info: Found Cortex-M3 r1p1, Little endian.
* JLink Info: TPIU fitted.
* JLink Info: ETM fitted.
* JLink Info:   FPUnit: 6 code (BP) slots and 2 literal slots
ROMTableAddr = 0xE00FF003
 
Target info:
------------
Device: STM32F103ZE
VTarget = 3.313V
State of Pins: 
TCK: 1, TDI: 0, TDO: 0, TMS: 0, TRES: 1, TRST: 1
* JLink Info: TotalIRLen = 9, IRPrint = 0x0011
* JLink Info: Found Cortex-M3 r1p1, Little endian.
* JLink Info: TPIU fitted.
* JLink Info: ETM fitted.
* JLink Info:   FPUnit: 6 code (BP) slots and 2 literal slots
Hardware-Breakpoints: 6
Software-Breakpoints: 2048
Watchpoints:          4
JTAG speed: 2000 kHz
 
Full Chip Erase Done.
Programming Done.
Verify OK.
Build target 'Target 1'
compiling main.c...
linking...
Program Size: Code=2232 RO-data=336 RW-data=40 ZI-data=1632  
FromELF: creating hex file...
"demo.axf" - 0 Error(s), 0 Warning(s).
Load "C:\\Users\\Chen\\Desktop\\流水灯+数码管\\demo.AXF" 
Set JLink Project File to "C:\Users\Chen\Desktop\流水灯+数码管\JLinkSettings.ini"
 
JLink info:
------------
DLL: V4.15n, compiled Jun 18 2010 19:55:09
Firmware: J-Link ARM V8 compiled Apr 12 2012 20:16:53
Hardware: V8.00
S/N : 308622869 
Feature(s) : RDI,FlashDL,FlashBP,JFlash,GDBFULL 
 
* JLink Info: TotalIRLen = 9, IRPrint = 0x0011
* JLink Info: Found Cortex-M3 r1p1, Little endian.
* JLink Info: TPIU fitted.
* JLink Info: ETM fitted.
* JLink Info:   FPUnit: 6 code (BP) slots and 2 literal slots
ROMTableAddr = 0xE00FF003
 
Target info:
------------
Device: STM32F103ZE
VTarget = 3.313V
State of Pins: 
TCK: 1, TDI: 0, TDO: 0, TMS: 0, TRES: 1, TRST: 1
* JLink Info: TotalIRLen = 9, IRPrint = 0x0011
* JLink Info: Found Cortex-M3 r1p1, Little endian.
* JLink Info: TPIU fitted.
* JLink Info: ETM fitted.
* JLink Info:   FPUnit: 6 code (BP) slots and 2 literal slots
Hardware-Breakpoints: 6
Software-Breakpoints: 2048
Watchpoints:          4
JTAG speed: 2000 kHz
 
Full Chip Erase Done.
Programming Done.
Verify OK.
Build target 'Target 1'
compiling main.c...
linking...
Program Size: Code=2232 RO-data=336 RW-data=40 ZI-data=1632  
FromELF: creating hex file...
"demo.axf" - 0 Error(s), 0 Warning(s).
Load "C:\\Users\\Chen\\Desktop\\流水灯+数码管\\demo.AXF" 
Set JLink Project File to "C:\Users\Chen\Desktop\流水灯+数码管\JLinkSettings.ini"
 
JLink info:
------------
DLL: V4.15n, compiled Jun 18 2010 19:55:09
Firmware: J-Link ARM V8 compiled Apr 12 2012 20:16:53
Hardware: V8.00
S/N : 308622869 
Feature(s) : RDI,FlashDL,FlashBP,JFlash,GDBFULL 
 
* JLink Info: TotalIRLen = 9, IRPrint = 0x0011
* JLink Info: Found Cortex-M3 r1p1, Little endian.
* JLink Info: TPIU fitted.
* JLink Info: ETM fitted.
* JLink Info:   FPUnit: 6 code (BP) slots and 2 literal slots
ROMTableAddr = 0xE00FF003
 
Target info:
------------
Device: STM32F103ZE
VTarget = 3.313V
State of Pins: 
TCK: 1, TDI: 0, TDO: 0, TMS: 0, TRES: 1, TRST: 1
* JLink Info: TotalIRLen = 9, IRPrint = 0x0011
* JLink Info: Found Cortex-M3 r1p1, Little endian.
* JLink Info: TPIU fitted.
* JLink Info: ETM fitted.
* JLink Info:   FPUnit: 6 code (BP) slots and 2 literal slots
Hardware-Breakpoints: 6
Software-Breakpoints: 2048
Watchpoints:          4
JTAG speed: 2000 kHz
 
Full Chip Erase Done.
Programming Done.
Verify OK.
Build target 'Target 1'
compiling main.c...
linking...
Program Size: Code=2240 RO-data=336 RW-data=40 ZI-data=1632  
FromELF: creating hex file...
"demo.axf" - 0 Error(s), 0 Warning(s).
Load "C:\\Users\\Chen\\Desktop\\流水灯+数码管\\demo.AXF" 
Set JLink Project File to "C:\Users\Chen\Desktop\流水灯+数码管\JLinkSettings.ini"
 
JLink info:
------------
DLL: V4.15n, compiled Jun 18 2010 19:55:09
Firmware: J-Link ARM V8 compiled Apr 12 2012 20:16:53
Hardware: V8.00
S/N : 308622869 
Feature(s) : RDI,FlashDL,FlashBP,JFlash,GDBFULL 
 
* JLink Info: TotalIRLen = 9, IRPrint = 0x0011
* JLink Info: Found Cortex-M3 r1p1, Little endian.
* JLink Info: TPIU fitted.
* JLink Info: ETM fitted.
* JLink Info:   FPUnit: 6 code (BP) slots and 2 literal slots
ROMTableAddr = 0xE00FF003
 
Target info:
------------
Device: STM32F103ZE
VTarget = 3.313V
State of Pins: 
TCK: 1, TDI: 0, TDO: 0, TMS: 0, TRES: 1, TRST: 1
* JLink Info: TotalIRLen = 9, IRPrint = 0x0011
* JLink Info: Found Cortex-M3 r1p1, Little endian.
* JLink Info: TPIU fitted.
* JLink Info: ETM fitted.
* JLink Info:   FPUnit: 6 code (BP) slots and 2 literal slots
Hardware-Breakpoints: 6
Software-Breakpoints: 2048
Watchpoints:          4
JTAG speed: 2000 kHz
 
Full Chip Erase Done.
Programming Done.
Verify OK.
Build target 'Target 1'
compiling main.c...
linking...
Program Size: Code=2240 RO-data=336 RW-data=40 ZI-data=1632  
FromELF: creating hex file...
"demo.axf" - 0 Error(s), 0 Warning(s).
Load "C:\\Users\\Chen\\Desktop\\流水灯+数码管\\demo.AXF" 
Set JLink Project File to "C:\Users\Chen\Desktop\流水灯+数码管\JLinkSettings.ini"
 
JLink info:
------------
DLL: V4.15n, compiled Jun 18 2010 19:55:09
Firmware: J-Link ARM V8 compiled Apr 12 2012 20:16:53
Hardware: V8.00
S/N : 308622869 
Feature(s) : RDI,FlashDL,FlashBP,JFlash,GDBFULL 
 
* JLink Info: TotalIRLen = 9, IRPrint = 0x0011
* JLink Info: Found Cortex-M3 r1p1, Little endian.
* JLink Info: TPIU fitted.
* JLink Info: ETM fitted.
* JLink Info:   FPUnit: 6 code (BP) slots and 2 literal slots
ROMTableAddr = 0xE00FF003
 
Target info:
------------
Device: STM32F103ZE
VTarget = 3.313V
State of Pins: 
TCK: 1, TDI: 0, TDO: 0, TMS: 0, TRES: 1, TRST: 1
* JLink Info: TotalIRLen = 9, IRPrint = 0x0011
* JLink Info: Found Cortex-M3 r1p1, Little endian.
* JLink Info: TPIU fitted.
* JLink Info: ETM fitted.
* JLink Info:   FPUnit: 6 code (BP) slots and 2 literal slots
Hardware-Breakpoints: 6
Software-Breakpoints: 2048
Watchpoints:          4
JTAG speed: 2000 kHz
 
Full Chip Erase Done.
Programming Done.
Verify OK.
